../Core/Src/main.c:95:5:main	24	static
../Core/Src/main.c:151:6:SystemClock_Config	120	static
../Core/Src/main.c:201:13:MX_TIM1_Init	40	static
../Core/Src/main.c:248:13:MX_TIM16_Init	80	static
../Core/Src/main.c:311:13:MX_USART1_UART_Init	8	static
../Core/Src/main.c:346:13:MX_USART2_UART_Init	8	static
../Core/Src/main.c:381:13:MX_GPIO_Init	48	static
../Core/Src/main.c:452:6:detect	24	static
../Core/Src/main.c:459:6:detectObstacle	16	static
../Core/Src/main.c:485:6:HAL_UART_RxCpltCallback	16	static
../Core/Src/main.c:500:6:turnover	16	static
../Core/Src/main.c:574:6:set_ang	24	static
../Core/Src/main.c:605:6:Error_Handler	4	static,ignoring_inline_asm
