../Core/Src/main.c:104:5:main	8	static
../Core/Src/main.c:184:6:SystemClock_Config	120	static
../Core/Src/main.c:234:13:MX_TIM1_Init	112	static
../Core/Src/main.c:318:13:MX_TIM2_Init	48	static
../Core/Src/main.c:371:13:MX_TIM16_Init	80	static
../Core/Src/main.c:434:13:MX_USART1_UART_Init	8	static
../Core/Src/main.c:469:13:MX_USART2_UART_Init	8	static
../Core/Src/main.c:504:13:MX_GPIO_Init	48	static
../Core/Src/main.c:575:6:detect	24	static
../Core/Src/main.c:582:6:detectObstacle	16	static
../Core/Src/main.c:608:6:HAL_UART_RxCpltCallback	16	static
../Core/Src/main.c:647:6:turnover	16	static
../Core/Src/main.c:721:6:set_ang	24	static
../Core/Src/main.c:746:6:detectMotor	8	static
../Core/Src/main.c:753:6:motor_forward	16	static
../Core/Src/main.c:763:6:motor_backward	16	static
../Core/Src/main.c:773:6:motor_stop	4	static
../Core/Src/main.c:787:6:Error_Handler	4	static,ignoring_inline_asm
