Archive member included to satisfy reference by file (symbol)

F:/ST/STM32CubeIDE_1.14.1/STM32CubeIDE/plugins/com.st.stm32cube.ide.mcu.externaltools.gnu-tools-for-stm32.12.3.rel1.win32_1.0.100.202403111256/tools/bin/../lib/gcc/arm-none-eabi/12.3.1/../../../../arm-none-eabi/lib/thumb/v7e-m+fp/hard\libc_nano.a(libc_a-exit.o)
                              F:/ST/STM32CubeIDE_1.14.1/STM32CubeIDE/plugins/com.st.stm32cube.ide.mcu.externaltools.gnu-tools-for-stm32.12.3.rel1.win32_1.0.100.202403111256/tools/bin/../lib/gcc/arm-none-eabi/12.3.1/../../../../arm-none-eabi/lib/thumb/v7e-m+fp/hard/crt0.o (exit)
F:/ST/STM32CubeIDE_1.14.1/STM32CubeIDE/plugins/com.st.stm32cube.ide.mcu.externaltools.gnu-tools-for-stm32.12.3.rel1.win32_1.0.100.202403111256/tools/bin/../lib/gcc/arm-none-eabi/12.3.1/../../../../arm-none-eabi/lib/thumb/v7e-m+fp/hard\libc_nano.a(libc_a-findfp.o)
                              F:/ST/STM32CubeIDE_1.14.1/STM32CubeIDE/plugins/com.st.stm32cube.ide.mcu.externaltools.gnu-tools-for-stm32.12.3.rel1.win32_1.0.100.202403111256/tools/bin/../lib/gcc/arm-none-eabi/12.3.1/../../../../arm-none-eabi/lib/thumb/v7e-m+fp/hard\libc_nano.a(libc_a-exit.o) (__stdio_exit_handler)
F:/ST/STM32CubeIDE_1.14.1/STM32CubeIDE/plugins/com.st.stm32cube.ide.mcu.externaltools.gnu-tools-for-stm32.12.3.rel1.win32_1.0.100.202403111256/tools/bin/../lib/gcc/arm-none-eabi/12.3.1/../../../../arm-none-eabi/lib/thumb/v7e-m+fp/hard\libc_nano.a(libc_a-fwalk.o)
                              F:/ST/STM32CubeIDE_1.14.1/STM32CubeIDE/plugins/com.st.stm32cube.ide.mcu.externaltools.gnu-tools-for-stm32.12.3.rel1.win32_1.0.100.202403111256/tools/bin/../lib/gcc/arm-none-eabi/12.3.1/../../../../arm-none-eabi/lib/thumb/v7e-m+fp/hard\libc_nano.a(libc_a-findfp.o) (_fwalk_sglue)
F:/ST/STM32CubeIDE_1.14.1/STM32CubeIDE/plugins/com.st.stm32cube.ide.mcu.externaltools.gnu-tools-for-stm32.12.3.rel1.win32_1.0.100.202403111256/tools/bin/../lib/gcc/arm-none-eabi/12.3.1/../../../../arm-none-eabi/lib/thumb/v7e-m+fp/hard\libc_nano.a(libc_a-stdio.o)
                              F:/ST/STM32CubeIDE_1.14.1/STM32CubeIDE/plugins/com.st.stm32cube.ide.mcu.externaltools.gnu-tools-for-stm32.12.3.rel1.win32_1.0.100.202403111256/tools/bin/../lib/gcc/arm-none-eabi/12.3.1/../../../../arm-none-eabi/lib/thumb/v7e-m+fp/hard\libc_nano.a(libc_a-findfp.o) (__sread)
F:/ST/STM32CubeIDE_1.14.1/STM32CubeIDE/plugins/com.st.stm32cube.ide.mcu.externaltools.gnu-tools-for-stm32.12.3.rel1.win32_1.0.100.202403111256/tools/bin/../lib/gcc/arm-none-eabi/12.3.1/../../../../arm-none-eabi/lib/thumb/v7e-m+fp/hard\libc_nano.a(libc_a-memset.o)
                              F:/ST/STM32CubeIDE_1.14.1/STM32CubeIDE/plugins/com.st.stm32cube.ide.mcu.externaltools.gnu-tools-for-stm32.12.3.rel1.win32_1.0.100.202403111256/tools/bin/../lib/gcc/arm-none-eabi/12.3.1/../../../../arm-none-eabi/lib/thumb/v7e-m+fp/hard/crt0.o (memset)
F:/ST/STM32CubeIDE_1.14.1/STM32CubeIDE/plugins/com.st.stm32cube.ide.mcu.externaltools.gnu-tools-for-stm32.12.3.rel1.win32_1.0.100.202403111256/tools/bin/../lib/gcc/arm-none-eabi/12.3.1/../../../../arm-none-eabi/lib/thumb/v7e-m+fp/hard\libc_nano.a(libc_a-closer.o)
                              F:/ST/STM32CubeIDE_1.14.1/STM32CubeIDE/plugins/com.st.stm32cube.ide.mcu.externaltools.gnu-tools-for-stm32.12.3.rel1.win32_1.0.100.202403111256/tools/bin/../lib/gcc/arm-none-eabi/12.3.1/../../../../arm-none-eabi/lib/thumb/v7e-m+fp/hard\libc_nano.a(libc_a-stdio.o) (_close_r)
F:/ST/STM32CubeIDE_1.14.1/STM32CubeIDE/plugins/com.st.stm32cube.ide.mcu.externaltools.gnu-tools-for-stm32.12.3.rel1.win32_1.0.100.202403111256/tools/bin/../lib/gcc/arm-none-eabi/12.3.1/../../../../arm-none-eabi/lib/thumb/v7e-m+fp/hard\libc_nano.a(libc_a-reent.o)
                              F:/ST/STM32CubeIDE_1.14.1/STM32CubeIDE/plugins/com.st.stm32cube.ide.mcu.externaltools.gnu-tools-for-stm32.12.3.rel1.win32_1.0.100.202403111256/tools/bin/../lib/gcc/arm-none-eabi/12.3.1/../../../../arm-none-eabi/lib/thumb/v7e-m+fp/hard\libc_nano.a(libc_a-closer.o) (errno)
F:/ST/STM32CubeIDE_1.14.1/STM32CubeIDE/plugins/com.st.stm32cube.ide.mcu.externaltools.gnu-tools-for-stm32.12.3.rel1.win32_1.0.100.202403111256/tools/bin/../lib/gcc/arm-none-eabi/12.3.1/../../../../arm-none-eabi/lib/thumb/v7e-m+fp/hard\libc_nano.a(libc_a-impure.o)
                              F:/ST/STM32CubeIDE_1.14.1/STM32CubeIDE/plugins/com.st.stm32cube.ide.mcu.externaltools.gnu-tools-for-stm32.12.3.rel1.win32_1.0.100.202403111256/tools/bin/../lib/gcc/arm-none-eabi/12.3.1/../../../../arm-none-eabi/lib/thumb/v7e-m+fp/hard\libc_nano.a(libc_a-reent.o) (_impure_ptr)
F:/ST/STM32CubeIDE_1.14.1/STM32CubeIDE/plugins/com.st.stm32cube.ide.mcu.externaltools.gnu-tools-for-stm32.12.3.rel1.win32_1.0.100.202403111256/tools/bin/../lib/gcc/arm-none-eabi/12.3.1/../../../../arm-none-eabi/lib/thumb/v7e-m+fp/hard\libc_nano.a(libc_a-lseekr.o)
[...]
Memory Configuration

Name             Origin             Length             Attributes
RAM              0x20000000         0x00004000         xrw
FLASH            0x08000000         0x00010000         xr
*default*        0x00000000         0xffffffff

Linker script and memory map

LOAD F:/ST/STM32CubeIDE_1.14.1/STM32CubeIDE/plugins/com.st.stm32cube.ide.mcu.externaltools.gnu-tools-for-stm32.12.3.rel1.win32_1.0.100.202403111256/tools/bin/../lib/gcc/arm-none-eabi/12.3.1/thumb/v7e-m+fp/hard/crti.o
LOAD F:/ST/STM32CubeIDE_1.14.1/STM32CubeIDE/plugins/com.st.stm32cube.ide.mcu.externaltools.gnu-tools-for-stm32.12.3.rel1.win32_1.0.100.202403111256/tools/bin/../lib/gcc/arm-none-eabi/12.3.1/thumb/v7e-m+fp/hard/crtbegin.o
LOAD F:/ST/STM32CubeIDE_1.14.1/STM32CubeIDE/plugins/com.st.stm32cube.ide.mcu.externaltools.gnu-tools-for-stm32.12.3.rel1.win32_1.0.100.202403111256/tools/bin/../lib/gcc/arm-none-eabi/12.3.1/../../../../arm-none-eabi/lib/thumb/v7e-m+fp/hard/crt0.o
LOAD ./Core/Src/main.o
LOAD ./Core/Src/stm32f3xx_hal_msp.o
LOAD ./Core/Src/stm32f3xx_it.o
LOAD ./Core/Src/syscalls.o
LOAD ./Core/Src/sysmem.o
LOAD ./Core/Src/system_stm32f3xx.o
LOAD ./Core/Startup/startup_stm32f302r8tx.o
LOAD ./Drivers/STM32F3xx_HAL_Driver/Src/stm32f3xx_hal.o
LOAD ./Drivers/STM32F3xx_HAL_Driver/Src/stm32f3xx_hal_cortex.o
LOAD ./Drivers/STM32F3xx_HAL_Driver/Src/stm32f3xx_hal_dma.o
LOAD ./Drivers/STM32F3xx_HAL_Driver/Src/stm32f3xx_hal_exti.o
LOAD ./Drivers/STM32F3xx_HAL_Driver/Src/stm32f3xx_hal_flash.o
LOAD ./Drivers/STM32F3xx_HAL_Driver/Src/stm32f3xx_hal_flash_ex.o
LOAD ./Drivers/STM32F3xx_HAL_Driver/Src/stm32f3xx_hal_gpio.o
LOAD ./Drivers/STM32F3xx_HAL_Driver/Src/stm32f3xx_hal_i2c.o
LOAD ./Drivers/STM32F3xx_HAL_Driver/Src/stm32f3xx_hal_i2c_ex.o
LOAD ./Drivers/STM32F3xx_HAL_Driver/Src/stm32f3xx_hal_pwr.o
LOAD ./Drivers/STM32F3xx_HAL_Driver/Src/stm32f3xx_hal_pwr_ex.o
LOAD ./Drivers/STM32F3xx_HAL_Driver/Src/stm32f3xx_hal_rcc.o
LOAD ./Drivers/STM32F3xx_HAL_Driver/Src/stm32f3xx_hal_rcc_ex.o
LOAD ./Drivers/STM32F3xx_HAL_Driver/Src/stm32f3xx_hal_tim.o
LOAD ./Drivers/STM32F3xx_HAL_Driver/Src/stm32f3xx_hal_tim_ex.o
LOAD ./Drivers/STM32F3xx_HAL_Driver/Src/stm32f3xx_hal_uart.o
LOAD ./Drivers/STM32F3xx_HAL_Driver/Src/stm32f3xx_hal_uart_ex.o
START GROUP
LOAD F:/ST/STM32CubeIDE_1.14.1/STM32CubeIDE/plugins/com.st.stm32cube.ide.mcu.externaltools.gnu-tools-for-stm32.12.3.rel1.win32_1.0.100.202403111256/tools/bin/../lib/gcc/arm-none-eabi/12.3.1/../../../../arm-none-eabi/lib/thumb/v7e-m+fp/hard\libc_nano.a
LOAD F:/ST/STM32CubeIDE_1.14.1/STM32CubeIDE/plugins/com.st.stm32cube.ide.mcu.externaltools.gnu-tools-for-stm32.12.3.rel1.win32_1.0.100.202403111256/tools/bin/../lib/gcc/arm-none-eabi/12.3.1/../../../../arm-none-eabi/lib/thumb/v7e-m+fp/hard\libm.a
END GROUP
START GROUP
LOAD F:/ST/STM32CubeIDE_1.14.1/STM32CubeIDE/plugins/com.st.stm32cube.ide.mcu.externaltools.gnu-tools-for-stm32.12.3.rel1.win32_1.0.100.202403111256/tools/bin/../lib/gcc/arm-none-eabi/12.3.1/thumb/v7e-m+fp/hard\libgcc.a
LOAD F:/ST/STM32CubeIDE_1.14.1/STM32CubeIDE/plugins/com.st.stm32cube.ide.mcu.externaltools.gnu-tools-for-stm32.12.3.rel1.win32_1.0.100.202403111256/tools/bin/../lib/gcc/arm-none-eabi/12.3.1/../../../../arm-none-eabi/lib/thumb/v7e-m+fp/hard\libc_nano.a
END GROUP
START GROUP
LOAD F:/ST/STM32CubeIDE_1.14.1/STM32CubeIDE/plugins/com.st.stm32cube.ide.mcu.externaltools.gnu-tools-for-stm32.12.3.rel1.win32_1.0.100.202403111256/tools/bin/../lib/gcc/arm-none-eabi/12.3.1/thumb/v7e-m+fp/hard\libgcc.a
LOAD F:/ST/STM32CubeIDE_1.14.1/STM32CubeIDE/plugins/com.st.stm32cube.ide.mcu.externaltools.gnu-tools-for-stm32.12.3.rel1.win32_1.0.100.202403111256/tools/bin/../lib/gcc/arm-none-eabi/12.3.1/../../../../arm-none-eabi/lib/thumb/v7e-m+fp/hard\libc_nano.a
LOAD F:/ST/STM32CubeIDE_1.14.1/STM32CubeIDE/plugins/com.st.stm32cube.ide.mcu.externaltools.gnu-tools-for-stm32.12.3.rel1.win32_1.0.100.202403111256/tools/bin/../lib/gcc/arm-none-eabi/12.3.1/../../../../arm-none-eabi/lib/thumb/v7e-m+fp/hard\libnosys.a
END GROUP
START GROUP
LOAD F:/ST/STM32CubeIDE_1.14.1/STM32CubeIDE/plugins/com.st.stm32cube.ide.mcu.externaltools.gnu-tools-for-stm32.12.3.rel1.win32_1.0.100.202403111256/tools/bin/../lib/gcc/arm-none-eabi/12.3.1/thumb/v7e-m+fp/hard\libgcc.a
LOAD F:/ST/STM32CubeIDE_1.14.1/STM32CubeIDE/plugins/com.st.stm32cube.ide.mcu.externaltools.gnu-tools-for-stm32.12.3.rel1.win32_1.0.100.202403111256/tools/bin/../lib/gcc/arm-none-eabi/12.3.1/../../../../arm-none-eabi/lib/thumb/v7e-m+fp/hard\libc_nano.a
LOAD F:/ST/STM32CubeIDE_1.14.1/STM32CubeIDE/plugins/com.st.stm32cube.ide.mcu.externaltools.gnu-tools-for-stm32.12.3.rel1.win32_1.0.100.202403111256/tools/bin/../lib/gcc/arm-none-eabi/12.3.1/../../../../arm-none-eabi/lib/thumb/v7e-m+fp/hard\libnosys.a
END GROUP
LOAD F:/ST/STM32CubeIDE_1.14.1/STM32CubeIDE/plugins/com.st.stm32cube.ide.mcu.externaltools.gnu-tools-for-stm32.12.3.rel1.win32_1.0.100.202403111256/tools/bin/../lib/gcc/arm-none-eabi/12.3.1/thumb/v7e-m+fp/hard/crtend.o
LOAD F:/ST/STM32CubeIDE_1.14.1/STM32CubeIDE/plugins/com.st.stm32cube.ide.mcu.externaltools.gnu-tools-for-stm32.12.3.rel1.win32_1.0.100.202403111256/tools/bin/../lib/gcc/arm-none-eabi/12.3.1/thumb/v7e-m+fp/hard/crtn.o
                0x20004000                        _estack = (ORIGIN (RAM) + LENGTH (RAM))
                0x00000200                        _Min_Heap_Size = 0x200
                0x00000400                        _Min_Stack_Size = 0x400

.isr_vector     0x08000000      0x188
                0x08000000                        . = ALIGN (0x4)
 *(.isr_vector)
 .isr_vector    0x08000000      0x188 ./Core/Startup/startup_stm32f302r8tx.o
                0x08000000                g_pfnVectors
                0x08000188                        . = ALIGN (0x4)

.text           0x08000188     0x55f4
                0x08000188                        . = ALIGN (0x4)
 *(.text)
 .text          0x08000188       0x40 F:/ST/STM32CubeIDE_1.14.1/STM32CubeIDE/plugins/com.st.stm32cube.ide.mcu.externaltools.gnu-tools-for-stm32.12.3.rel1.win32_1.0.100.202403111256/tools/bin/../lib/gcc/arm-none-eabi/12.3.1/thumb/v7e-m+fp/hard/crtbegin.o
 *(.text*)
 .text.main     0x080001c8      0x100 ./Core/Src/main.o
                0x080001c8                main
 .text.SystemClock_Config
                0x080002c8       0xc0 ./Core/Src/main.o
                0x080002c8                SystemClock_Config
 .text.MX_TIM1_Init
                0x08000388      0x170 ./Core/Src/main.o
 .text.MX_TIM2_Init
                0x080004f8       0xc8 ./Core/Src/main.o
 .text.MX_TIM16_Init
                0x080005c0       0xf4 ./Core/Src/main.o
 .text.MX_USART1_UART_Init
                0x080006b4       0x60 ./Core/Src/main.o
 .text.MX_USART2_UART_Init
                0x08000714       0x60 ./Core/Src/main.o
 .text.MX_GPIO_Init
                0x08000774      0x170 ./Core/Src/main.o
 .text.detect   0x080008e4       0x70 ./Core/Src/main.o
                0x080008e4                detect
 .text.detectObstacle
                0x08000954       0xf8 ./Core/Src/main.o
                0x08000954                detectObstacle
 .text.HAL_UART_RxCpltCallback
                0x08000a4c       0x60 ./Core/Src/main.o
                0x08000a4c                HAL_UART_RxCpltCallback
 .text.turnover
                0x08000aac      0x128 ./Core/Src/main.o
                0x08000aac                turnover
 .text.set_ang  0x08000bd4       0x84 ./Core/Src/main.o
                0x08000bd4                set_ang
 .text.detectMotor
                0x08000c58       0x50 ./Core/Src/main.o
                0x08000c58                detectMotor
 .text.motor_forward
                0x08000ca8       0x48 ./Core/Src/main.o
                0x08000ca8                motor_forward
 .text.motor_backward
                0x08000cf0       0x48 ./Core/Src/main.o
                0x08000cf0                motor_backward
 .text.motor_stop
                0x08000d38       0x38 ./Core/Src/main.o
                0x08000d38                motor_stop
 .text.Error_Handler
                0x08000d70        0xc ./Core/Src/main.o
                0x08000d70                Error_Handler
 .text.HAL_MspInit
                0x08000d7c       0x48 ./Core/Src/stm32f3xx_hal_msp.o
                0x08000d7c                HAL_MspInit
 .text.HAL_TIM_Base_MspInit
                0x08000dc4       0x68 ./Core/Src/stm32f3xx_hal_msp.o
                0x08000dc4                HAL_TIM_Base_MspInit
 .text.HAL_TIM_PWM_MspInit
                0x08000e2c       0x3c ./Core/Src/stm32f3xx_hal_msp.o
                0x08000e2c                HAL_TIM_PWM_MspInit
 .text.HAL_TIM_MspPostInit
                0x08000e68      0x178 ./Core/Src/stm32f3xx_hal_msp.o
                0x08000e68                HAL_TIM_MspPostInit
 .text.HAL_UART_MspInit
                0x08000fe0      0x108 ./Core/Src/stm32f3xx_hal_msp.o
                0x08000fe0                HAL_UART_MspInit
 .text.NMI_Handler
                0x080010e8        0x8 ./Core/Src/stm32f3xx_it.o
                0x080010e8                NMI_Handler
 .text.HardFault_Handler
                0x080010f0        0x8 ./Core/Src/stm32f3xx_it.o
                0x080010f0                HardFault_Handler
 .text.MemManage_Handler
                0x080010f8        0x8 ./Core/Src/stm32f3xx_it.o
                0x080010f8                MemManage_Handler
 .text.BusFault_Handler
                0x08001100        0x8 ./Core/Src/stm32f3xx_it.o
                0x08001100                BusFault_Handler
 .text.UsageFault_Handler
                0x08001108        0x8 ./Core/Src/stm32f3xx_it.o
                0x08001108                UsageFault_Handler
 .text.SVC_Handler
                0x08001110        0xe ./Core/Src/stm32f3xx_it.o
                0x08001110                SVC_Handler
 .text.DebugMon_Handler
                0x0800111e        0xe ./Core/Src/stm32f3xx_it.o
                0x0800111e                DebugMon_Handler
 .text.PendSV_Handler
                0x0800112c        0xe ./Core/Src/stm32f3xx_it.o
                0x0800112c                PendSV_Handler
 .text.SysTick_Handler
                0x0800113a        0xc ./Core/Src/stm32f3xx_it.o
                0x0800113a                SysTick_Handler
 *fill*         0x08001146        0x2 
 .text.USART1_IRQHandler
                0x08001148       0x14 ./Core/Src/stm32f3xx_it.o
                0x08001148                USART1_IRQHandler
 .text.USART2_IRQHandler
                0x0800115c       0x14 ./Core/Src/stm32f3xx_it.o
                0x0800115c                USART2_IRQHandler
 .text.SystemInit
                0x08001170       0x24 ./Core/Src/system_stm32f3xx.o
                0x08001170                SystemInit
 .text.Reset_Handler
                0x08001194       0x50 ./Core/Startup/startup_stm32f302r8tx.o
                0x08001194                Reset_Handler
 .text.Default_Handler
                0x080011e4        0x2 ./Core/Startup/startup_stm32f302r8tx.o
                0x080011e4                RTC_Alarm_IRQHandler
                0x080011e4                TIM1_CC_IRQHandler
                0x080011e4                USB_HP_IRQHandler
                0x080011e4                PVD_IRQHandler
                0x080011e4                TAMP_STAMP_IRQHandler
                0x080011e4                EXTI3_IRQHandler
                0x080011e4                I2C3_ER_IRQHandler
                0x080011e4                USB_HP_CAN_TX_IRQHandler
                0x080011e4                EXTI0_IRQHandler
                0x080011e4                I2C2_EV_IRQHandler
                0x080011e4                FPU_IRQHandler
                0x080011e4                TIM1_UP_TIM16_IRQHandler
                0x080011e4                CAN_SCE_IRQHandler
                0x080011e4                TIM6_DAC_IRQHandler
                0x080011e4                DMA1_Channel4_IRQHandler
                0x080011e4                ADC1_IRQHandler
                0x080011e4                USART3_IRQHandler
                0x080011e4                DMA1_Channel7_IRQHandler
                0x080011e4                CAN_RX1_IRQHandler
                0x080011e4                I2C1_EV_IRQHandler
                0x080011e4                DMA1_Channel6_IRQHandler
                0x080011e4                RCC_IRQHandler
                0x080011e4                DMA1_Channel1_IRQHandler
                0x080011e4                Default_Handler
                0x080011e4                USBWakeUp_RMP_IRQHandler
                0x080011e4                EXTI15_10_IRQHandler
                0x080011e4                COMP2_IRQHandler
                0x080011e4                I2C3_EV_IRQHandler
                0x080011e4                EXTI9_5_IRQHandler
                0x080011e4                RTC_WKUP_IRQHandler
                0x080011e4                SPI2_IRQHandler
                0x080011e4                USB_LP_CAN_RX0_IRQHandler
                0x080011e4                DMA1_Channel5_IRQHandler
                0x080011e4                USB_LP_IRQHandler
                0x080011e4                EXTI4_IRQHandler
                0x080011e4                TIM1_TRG_COM_TIM17_IRQHandler
                0x080011e4                DMA1_Channel3_IRQHandler
                0x080011e4                WWDG_IRQHandler
                0x080011e4                TIM2_IRQHandler
                0x080011e4                EXTI1_IRQHandler
                0x080011e4                COMP4_6_IRQHandler
                0x080011e4                I2C2_ER_IRQHandler
                0x080011e4                DMA1_Channel2_IRQHandler
                0x080011e4                FLASH_IRQHandler
                0x080011e4                SPI3_IRQHandler
                0x080011e4                I2C1_ER_IRQHandler
                0x080011e4                USBWakeUp_IRQHandler
                0x080011e4                EXTI2_TSC_IRQHandler
                0x080011e4                TIM1_BRK_TIM15_IRQHandler
 *fill*         0x080011e6        0x2 
 .text.HAL_Init
                0x080011e8       0x2c ./Drivers/STM32F3xx_HAL_Driver/Src/stm32f3xx_hal.o
                0x080011e8                HAL_Init
 .text.HAL_InitTick
                0x08001214       0x60 ./Drivers/STM32F3xx_HAL_Driver/Src/stm32f3xx_hal.o
                0x08001214                HAL_InitTick
 .text.HAL_IncTick
                0x08001274       0x28 ./Drivers/STM32F3xx_HAL_Driver/Src/stm32f3xx_hal.o
                0x08001274                HAL_IncTick
 .text.HAL_GetTick
                0x0800129c       0x18 ./Drivers/STM32F3xx_HAL_Driver/Src/stm32f3xx_hal.o
                0x0800129c                HAL_GetTick
 .text.HAL_Delay
                0x080012b4       0x48 ./Drivers/STM32F3xx_HAL_Driver/Src/stm32f3xx_hal.o
                0x080012b4                HAL_Delay
 .text.__NVIC_SetPriorityGrouping
                0x080012fc       0x48 ./Drivers/STM32F3xx_HAL_Driver/Src/stm32f3xx_hal_cortex.o
 .text.__NVIC_GetPriorityGrouping
                0x08001344       0x1c ./Drivers/STM32F3xx_HAL_Driver/Src/stm32f3xx_hal_cortex.o
 .text.__NVIC_EnableIRQ
                0x08001360       0x3c ./Drivers/STM32F3xx_HAL_Driver/Src/stm32f3xx_hal_cortex.o
 .text.__NVIC_SetPriority
                0x0800139c       0x54 ./Drivers/STM32F3xx_HAL_Driver/Src/stm32f3xx_hal_cortex.o
 .text.NVIC_EncodePriority
                0x080013f0       0x66 ./Drivers/STM32F3xx_HAL_Driver/Src/stm32f3xx_hal_cortex.o
 *fill*         0x08001456        0x2 
 .text.SysTick_Config
                0x08001458       0x44 ./Drivers/STM32F3xx_HAL_Driver/Src/stm32f3xx_hal_cortex.o
 .text.HAL_NVIC_SetPriorityGrouping
                0x0800149c       0x16 ./Drivers/STM32F3xx_HAL_Driver/Src/stm32f3xx_hal_cortex.o
                0x0800149c                HAL_NVIC_SetPriorityGrouping
 .text.HAL_NVIC_SetPriority
                0x080014b2       0x38 ./Drivers/STM32F3xx_HAL_Driver/Src/stm32f3xx_hal_cortex.o
                0x080014b2                HAL_NVIC_SetPriority
 .text.HAL_NVIC_EnableIRQ
                0x080014ea       0x1c ./Drivers/STM32F3xx_HAL_Driver/Src/stm32f3xx_hal_cortex.o
                0x080014ea                HAL_NVIC_EnableIRQ
 .text.HAL_SYSTICK_Config
                0x08001506       0x18 ./Drivers/STM32F3xx_HAL_Driver/Src/stm32f3xx_hal_cortex.o
                0x08001506                HAL_SYSTICK_Config
 .text.HAL_DMA_Abort
                0x0800151e       0x72 ./Drivers/STM32F3xx_HAL_Driver/Src/stm32f3xx_hal_dma.o
                0x0800151e                HAL_DMA_Abort
 .text.HAL_DMA_Abort_IT
                0x08001590       0x7c ./Drivers/STM32F3xx_HAL_Driver/Src/stm32f3xx_hal_dma.o
                0x08001590                HAL_DMA_Abort_IT
 .text.HAL_GPIO_Init
                0x0800160c      0x2e4 ./Drivers/STM32F3xx_HAL_Driver/Src/stm32f3xx_hal_gpio.o
                0x0800160c                HAL_GPIO_Init
 .text.HAL_GPIO_ReadPin
                0x080018f0       0x30 ./Drivers/STM32F3xx_HAL_Driver/Src/stm32f3xx_hal_gpio.o
                0x080018f0                HAL_GPIO_ReadPin
 .text.HAL_GPIO_WritePin
                0x08001920       0x30 ./Drivers/STM32F3xx_HAL_Driver/Src/stm32f3xx_hal_gpio.o
                0x08001920                HAL_GPIO_WritePin
 .text.HAL_RCC_OscConfig
                0x08001950     0x107c ./Drivers/STM32F3xx_HAL_Driver/Src/stm32f3xx_hal_rcc.o
                0x08001950                HAL_RCC_OscConfig
 .text.HAL_RCC_ClockConfig
                0x080029cc      0x2f8 ./Drivers/STM32F3xx_HAL_Driver/Src/stm32f3xx_hal_rcc.o
                0x080029cc                HAL_RCC_ClockConfig
 .text.HAL_RCC_GetSysClockFreq
                0x08002cc4       0xd4 ./Drivers/STM32F3xx_HAL_Driver/Src/stm32f3xx_hal_rcc.o
                0x08002cc4                HAL_RCC_GetSysClockFreq
 .text.HAL_RCC_GetHCLKFreq
                0x08002d98       0x18 ./Drivers/STM32F3xx_HAL_Driver/Src/stm32f3xx_hal_rcc.o
                0x08002d98                HAL_RCC_GetHCLKFreq
 .text.HAL_RCC_GetPCLK1Freq
                0x08002db0       0x44 ./Drivers/STM32F3xx_HAL_Driver/Src/stm32f3xx_hal_rcc.o
                0x08002db0                HAL_RCC_GetPCLK1Freq
 .text.HAL_RCC_GetPCLK2Freq
                0x08002df4       0x44 ./Drivers/STM32F3xx_HAL_Driver/Src/stm32f3xx_hal_rcc.o
                0x08002df4                HAL_RCC_GetPCLK2Freq
 .text.HAL_RCCEx_PeriphCLKConfig
                0x08002e38      0x324 ./Drivers/STM32F3xx_HAL_Driver/Src/stm32f3xx_hal_rcc_ex.o
                0x08002e38                HAL_RCCEx_PeriphCLKConfig
 .text.HAL_TIM_Base_Init
                0x0800315c       0xae ./Drivers/STM32F3xx_HAL_Driver/Src/stm32f3xx_hal_tim.o
                0x0800315c                HAL_TIM_Base_Init
 *fill*         0x0800320a        0x2 
 .text.HAL_TIM_Base_Start
                0x0800320c       0x98 ./Drivers/STM32F3xx_HAL_Driver/Src/stm32f3xx_hal_tim.o
                0x0800320c                HAL_TIM_Base_Start
 .text.HAL_TIM_PWM_Init
                0x080032a4       0xae ./Drivers/STM32F3xx_HAL_Driver/Src/stm32f3xx_hal_tim.o
                0x080032a4                HAL_TIM_PWM_Init
 *fill*         0x08003352        0x2 
 .text.HAL_TIM_PWM_Start
                0x08003354      0x1cc ./Drivers/STM32F3xx_HAL_Driver/Src/stm32f3xx_hal_tim.o
                0x08003354                HAL_TIM_PWM_Start
 .text.HAL_TIM_PWM_ConfigChannel
                0x08003520      0x228 ./Drivers/STM32F3xx_HAL_Driver/Src/stm32f3xx_hal_tim.o
                0x08003520                HAL_TIM_PWM_ConfigChannel
 .text.HAL_TIM_ConfigClockSource
                0x08003748      0x192 ./Drivers/STM32F3xx_HAL_Driver/Src/stm32f3xx_hal_tim.o
                0x08003748                HAL_TIM_ConfigClockSource
 *fill*         0x080038da        0x2 
 .text.TIM_Base_SetConfig
                0x080038dc       0xdc ./Drivers/STM32F3xx_HAL_Driver/Src/stm32f3xx_hal_tim.o
                0x080038dc                TIM_Base_SetConfig
 .text.TIM_OC1_SetConfig
                0x080039b8      0x10c ./Drivers/STM32F3xx_HAL_Driver/Src/stm32f3xx_hal_tim.o
 .text.TIM_OC2_SetConfig
                0x08003ac4      0x100 ./Drivers/STM32F3xx_HAL_Driver/Src/stm32f3xx_hal_tim.o
                0x08003ac4                TIM_OC2_SetConfig
 .text.TIM_OC3_SetConfig
                0x08003bc4       0xfc ./Drivers/STM32F3xx_HAL_Driver/Src/stm32f3xx_hal_tim.o
 .text.TIM_OC4_SetConfig
                0x08003cc0       0xc8 ./Drivers/STM32F3xx_HAL_Driver/Src/stm32f3xx_hal_tim.o
 .text.TIM_OC5_SetConfig
                0x08003d88       0xbc ./Drivers/STM32F3xx_HAL_Driver/Src/stm32f3xx_hal_tim.o
 .text.TIM_OC6_SetConfig
                0x08003e44       0xc0 ./Drivers/STM32F3xx_HAL_Driver/Src/stm32f3xx_hal_tim.o
 .text.TIM_TI1_ConfigInputStage
                0x08003f04       0x5e ./Drivers/STM32F3xx_HAL_Driver/Src/stm32f3xx_hal_tim.o
 .text.TIM_TI2_ConfigInputStage
                0x08003f62       0x60 ./Drivers/STM32F3xx_HAL_Driver/Src/stm32f3xx_hal_tim.o
 .text.TIM_ITRx_SetConfig
                0x08003fc2       0x36 ./Drivers/STM32F3xx_HAL_Driver/Src/stm32f3xx_hal_tim.o
 .text.TIM_ETR_SetConfig
                0x08003ff8       0x40 ./Drivers/STM32F3xx_HAL_Driver/Src/stm32f3xx_hal_tim.o
                0x08003ff8                TIM_ETR_SetConfig
 .text.TIM_CCxChannelCmd
                0x08004038       0x4a ./Drivers/STM32F3xx_HAL_Driver/Src/stm32f3xx_hal_tim.o
                0x08004038                TIM_CCxChannelCmd
 *fill*         0x08004082        0x2 
 .text.HAL_TIMEx_MasterConfigSynchronization
                0x08004084       0xcc ./Drivers/STM32F3xx_HAL_Driver/Src/stm32f3xx_hal_tim_ex.o
                0x08004084                HAL_TIMEx_MasterConfigSynchronization
 .text.HAL_TIMEx_ConfigBreakDeadTime
                0x08004150       0xf0 ./Drivers/STM32F3xx_HAL_Driver/Src/stm32f3xx_hal_tim_ex.o
                0x08004150                HAL_TIMEx_ConfigBreakDeadTime
 .text.HAL_UART_Init
                0x08004240       0x9c ./Drivers/STM32F3xx_HAL_Driver/Src/stm32f3xx_hal_uart.o
                0x08004240                HAL_UART_Init
 .text.HAL_UART_Receive
                0x080042dc      0x192 ./Drivers/STM32F3xx_HAL_Driver/Src/stm32f3xx_hal_uart.o
                0x080042dc                HAL_UART_Receive
 .text.HAL_UART_Receive_IT
                0x0800446e       0x88 ./Drivers/STM32F3xx_HAL_Driver/Src/stm32f3xx_hal_uart.o
                0x0800446e                HAL_UART_Receive_IT
 *fill*         0x080044f6        0x2 
 .text.HAL_UART_IRQHandler
                0x080044f8      0x5cc ./Drivers/STM32F3xx_HAL_Driver/Src/stm32f3xx_hal_uart.o
                0x080044f8                HAL_UART_IRQHandler
 .text.HAL_UART_TxCpltCallback
                0x08004ac4       0x14 ./Drivers/STM32F3xx_HAL_Driver/Src/stm32f3xx_hal_uart.o
                0x08004ac4                HAL_UART_TxCpltCallback
 .text.HAL_UART_ErrorCallback
                0x08004ad8       0x14 ./Drivers/STM32F3xx_HAL_Driver/Src/stm32f3xx_hal_uart.o
                0x08004ad8                HAL_UART_ErrorCallback
 .text.HAL_UARTEx_RxEventCallback
                0x08004aec       0x18 ./Drivers/STM32F3xx_HAL_Driver/Src/stm32f3xx_hal_uart.o
                0x08004aec                HAL_UARTEx_RxEventCallback
 .text.UART_SetConfig
                0x08004b04      0x26c ./Drivers/STM32F3xx_HAL_Driver/Src/stm32f3xx_hal_uart.o
                0x08004b04                UART_SetConfig
 .text.UART_AdvFeatureConfig
                0x08004d70      0x144 ./Drivers/STM32F3xx_HAL_Driver/Src/stm32f3xx_hal_uart.o
                0x08004d70                UART_AdvFeatureConfig
 .text.UART_CheckIdleState
                0x08004eb4      0x150 ./Drivers/STM32F3xx_HAL_Driver/Src/stm32f3xx_hal_uart.o
                0x08004eb4                UART_CheckIdleState
 .text.UART_WaitOnFlagUntilTimeout
                0x08005004       0xce ./Drivers/STM32F3xx_HAL_Driver/Src/stm32f3xx_hal_uart.o
                0x08005004                UART_WaitOnFlagUntilTimeout
 *fill*         0x080050d2        0x2 
 .text.UART_Start_Receive_IT
                0x080050d4      0x18c ./Drivers/STM32F3xx_HAL_Driver/Src/stm32f3xx_hal_uart.o
                0x080050d4                UART_Start_Receive_IT
 .text.UART_EndRxTransfer
                0x08005260       0xc8 ./Drivers/STM32F3xx_HAL_Driver/Src/stm32f3xx_hal_uart.o
 .text.UART_DMAAbortOnError
                0x08005328       0x2c ./Drivers/STM32F3xx_HAL_Driver/Src/stm32f3xx_hal_uart.o
 .text.UART_EndTransmit_IT
                0x08005354       0x54 ./Drivers/STM32F3xx_HAL_Driver/Src/stm32f3xx_hal_uart.o
 .text.UART_RxISR_8BIT
                0x080053a8      0x1a8 ./Drivers/STM32F3xx_HAL_Driver/Src/stm32f3xx_hal_uart.o
 .text.UART_RxISR_16BIT
                0x08005550      0x1a8 ./Drivers/STM32F3xx_HAL_Driver/Src/stm32f3xx_hal_uart.o
 .text.HAL_UARTEx_WakeupCallback
                0x080056f8       0x14 ./Drivers/STM32F3xx_HAL_Driver/Src/stm32f3xx_hal_uart_ex.o
                0x080056f8                HAL_UARTEx_WakeupCallback
 .text.memset   0x0800570c       0x10 F:/ST/STM32CubeIDE_1.14.1/STM32CubeIDE/plugins/com.st.stm32cube.ide.mcu.externaltools.gnu-tools-for-stm32.12.3.rel1.win32_1.0.100.202403111256/tools/bin/../lib/gcc/arm-none-eabi/12.3.1/../../../../arm-none-eabi/lib/thumb/v7e-m+fp/hard\libc_nano.a(libc_a-memset.o)
                0x0800570c                memset
 .text.__libc_init_array
                0x0800571c       0x48 F:/ST/STM32CubeIDE_1.14.1/STM32CubeIDE/plugins/com.st.stm32cube.ide.mcu.externaltools.gnu-tools-for-stm32.12.3.rel1.win32_1.0.100.202403111256/tools/bin/../lib/gcc/arm-none-eabi/12.3.1/../../../../arm-none-eabi/lib/thumb/v7e-m+fp/hard\libc_nano.a(libc_a-init.o)
                0x0800571c                __libc_init_array
 *(.glue_7)
 .glue_7        0x08005764        0x0 linker stubs
 *(.glue_7t)
 .glue_7t       0x08005764        0x0 linker stubs
 *(.eh_frame)
 .eh_frame      0x08005764        0x0 F:/ST/STM32CubeIDE_1.14.1/STM32CubeIDE/plugins/com.st.stm32cube.ide.mcu.externaltools.gnu-tools-for-stm32.12.3.rel1.win32_1.0.100.202403111256/tools/bin/../lib/gcc/arm-none-eabi/12.3.1/thumb/v7e-m+fp/hard/crtbegin.o
 *(.init)
 .init          0x08005764        0x4 F:/ST/STM32CubeIDE_1.14.1/STM32CubeIDE/plugins/com.st.stm32cube.ide.mcu.externaltools.gnu-tools-for-stm32.12.3.rel1.win32_1.0.100.202403111256/tools/bin/../lib/gcc/arm-none-eabi/12.3.1/thumb/v7e-m+fp/hard/crti.o
                0x08005764                _init
 .init          0x08005768        0x8 F:/ST/STM32CubeIDE_1.14.1/STM32CubeIDE/plugins/com.st.stm32cube.ide.mcu.externaltools.gnu-tools-for-stm32.12.3.rel1.win32_1.0.100.202403111256/tools/bin/../lib/gcc/arm-none-eabi/12.3.1/thumb/v7e-m+fp/hard/crtn.o
 *(.fini)
 .fini          0x08005770        0x4 F:/ST/STM32CubeIDE_1.14.1/STM32CubeIDE/plugins/com.st.stm32cube.ide.mcu.externaltools.gnu-tools-for-stm32.12.3.rel1.win32_1.0.100.202403111256/tools/bin/../lib/gcc/arm-none-eabi/12.3.1/thumb/v7e-m+fp/hard/crti.o
                0x08005770                _fini
 .fini          0x08005774        0x8 F:/ST/STM32CubeIDE_1.14.1/STM32CubeIDE/plugins/com.st.stm32cube.ide.mcu.externaltools.gnu-tools-for-stm32.12.3.rel1.win32_1.0.100.202403111256/tools/bin/../lib/gcc/arm-none-eabi/12.3.1/thumb/v7e-m+fp/hard/crtn.o
                0x0800577c                        . = ALIGN (0x4)
                0x0800577c                        _etext = .

.vfp11_veneer   0x0800577c        0x0
 .vfp11_veneer  0x0800577c        0x0 linker stubs

.v4_bx          0x0800577c        0x0
 .v4_bx         0x0800577c        0x0 linker stubs

.iplt           0x0800577c        0x0
 .iplt          0x0800577c        0x0 F:/ST/STM32CubeIDE_1.14.1/STM32CubeIDE/plugins/com.st.stm32cube.ide.mcu.externaltools.gnu-tools-for-stm32.12.3.rel1.win32_1.0.100.202403111256/tools/bin/../lib/gcc/arm-none-eabi/12.3.1/thumb/v7e-m+fp/hard/crtbegin.o

.rodata         0x0800577c       0x38
                0x0800577c                        . = ALIGN (0x4)
 *(.rodata)
 *(.rodata*)
 .rodata.AHBPrescTable
                0x0800577c       0x10 ./Core/Src/system_stm32f3xx.o
                0x0800577c                AHBPrescTable
 .rodata.APBPrescTable
                0x0800578c        0x8 ./Core/Src/system_stm32f3xx.o
                0x0800578c                APBPrescTable
 .rodata.aPLLMULFactorTable
                0x08005794       0x10 ./Drivers/STM32F3xx_HAL_Driver/Src/stm32f3xx_hal_rcc.o
 .rodata.aPredivFactorTable
                0x080057a4       0x10 ./Drivers/STM32F3xx_HAL_Driver/Src/stm32f3xx_hal_rcc.o
                0x080057b4                        . = ALIGN (0x4)

.ARM.extab      0x080057b4        0x0
                0x080057b4                        . = ALIGN (0x4)
 *(.ARM.extab* .gnu.linkonce.armextab.*)
                0x080057b4                        . = ALIGN (0x4)

.ARM            0x080057b4        0x0
                0x080057b4                        . = ALIGN (0x4)
                0x080057b4                        __exidx_start = .
 *(.ARM.exidx*)
                0x080057b4                        __exidx_end = .
                0x080057b4                        . = ALIGN (0x4)

.preinit_array  0x080057b4        0x0
                0x080057b4                        . = ALIGN (0x4)
                0x080057b4                        PROVIDE (__preinit_array_start = .)
 *(.preinit_array*)
                0x080057b4                        PROVIDE (__preinit_array_end = .)
                0x080057b4                        . = ALIGN (0x4)

.init_array     0x080057b4        0x4
                0x080057b4                        . = ALIGN (0x4)
                0x080057b4                        PROVIDE (__init_array_start = .)
 *(SORT_BY_NAME(.init_array.*))
 *(.init_array*)
 .init_array    0x080057b4        0x4 F:/ST/STM32CubeIDE_1.14.1/STM32CubeIDE/plugins/com.st.stm32cube.ide.mcu.externaltools.gnu-tools-for-stm32.12.3.rel1.win32_1.0.100.202403111256/tools/bin/../lib/gcc/arm-none-eabi/12.3.1/thumb/v7e-m+fp/hard/crtbegin.o
                0x080057b8                        PROVIDE (__init_array_end = .)
                0x080057b8                        . = ALIGN (0x4)

.fini_array     0x080057b8        0x4
                0x080057b8                        . = ALIGN (0x4)
                [!provide]                        PROVIDE (__fini_array_start = .)
 *(SORT_BY_NAME(.fini_array.*))
 *(.fini_array*)
 .fini_array    0x080057b8        0x4 F:/ST/STM32CubeIDE_1.14.1/STM32CubeIDE/plugins/com.st.stm32cube.ide.mcu.externaltools.gnu-tools-for-stm32.12.3.rel1.win32_1.0.100.202403111256/tools/bin/../lib/gcc/arm-none-eabi/12.3.1/thumb/v7e-m+fp/hard/crtbegin.o
                [!provide]                        PROVIDE (__fini_array_end = .)
                0x080057bc                        . = ALIGN (0x4)
                0x080057bc                        _sidata = LOADADDR (.data)

.rel.dyn        0x080057bc        0x0
 .rel.iplt      0x080057bc        0x0 F:/ST/STM32CubeIDE_1.14.1/STM32CubeIDE/plugins/com.st.stm32cube.ide.mcu.externaltools.gnu-tools-for-stm32.12.3.rel1.win32_1.0.100.202403111256/tools/bin/../lib/gcc/arm-none-eabi/12.3.1/thumb/v7e-m+fp/hard/crtbegin.o

.data           0x20000000        0xc load address 0x080057bc
                0x20000000                        . = ALIGN (0x4)
                0x20000000                        _sdata = .
 *(.data)
 *(.data*)
 .data.SystemCoreClock
                0x20000000        0x4 ./Core/Src/system_stm32f3xx.o
                0x20000000                SystemCoreClock
 .data.uwTickPrio
                0x20000004        0x4 ./Drivers/STM32F3xx_HAL_Driver/Src/stm32f3xx_hal.o
                0x20000004                uwTickPrio
 .data.uwTickFreq
                0x20000008        0x1 ./Drivers/STM32F3xx_HAL_Driver/Src/stm32f3xx_hal.o
                0x20000008                uwTickFreq
 *(.RamFunc)
 *(.RamFunc*)
                0x2000000c                        . = ALIGN (0x4)
 *fill*         0x20000009        0x3 
                0x2000000c                        _edata = .

.igot.plt       0x2000000c        0x0 load address 0x080057c8
 .igot.plt      0x2000000c        0x0 F:/ST/STM32CubeIDE_1.14.1/STM32CubeIDE/plugins/com.st.stm32cube.ide.mcu.externaltools.gnu-tools-for-stm32.12.3.rel1.win32_1.0.100.202403111256/tools/bin/../lib/gcc/arm-none-eabi/12.3.1/thumb/v7e-m+fp/hard/crtbegin.o
                0x2000000c                        . = ALIGN (0x4)

.bss            0x2000000c      0x230 load address 0x080057c8
                0x2000000c                        _sbss = .
                0x2000000c                        __bss_start__ = _sbss
 *(.bss)
 .bss           0x2000000c       0x1c F:/ST/STM32CubeIDE_1.14.1/STM32CubeIDE/plugins/com.st.stm32cube.ide.mcu.externaltools.gnu-tools-for-stm32.12.3.rel1.win32_1.0.100.202403111256/tools/bin/../lib/gcc/arm-none-eabi/12.3.1/thumb/v7e-m+fp/hard/crtbegin.o
 *(.bss*)
 .bss.htim1     0x20000028       0x4c ./Core/Src/main.o
                0x20000028                htim1
 .bss.htim2     0x20000074       0x4c ./Core/Src/main.o
                0x20000074                htim2
 .bss.htim16    0x200000c0       0x4c ./Core/Src/main.o
                0x200000c0                htim16
 .bss.huart1    0x2000010c       0x88 ./Core/Src/main.o
                0x2000010c                huart1
 .bss.huart2    0x20000194       0x88 ./Core/Src/main.o
                0x20000194                huart2
 .bss.pMillis   0x2000021c        0x4 ./Core/Src/main.o
                0x2000021c                pMillis
 .bss.Value1    0x20000220        0x4 ./Core/Src/main.o
                0x20000220                Value1
 .bss.Value2    0x20000224        0x4 ./Core/Src/main.o
                0x20000224                Value2
 .bss.Distance  0x20000228        0x2 ./Core/Src/main.o
                0x20000228                Distance
 *fill*         0x2000022a        0x2 
 .bss.detect_states
                0x2000022c        0x5 ./Core/Src/main.o
                0x2000022c                detect_states
 *fill*         0x20000231        0x1 
 .bss.axle      0x20000232        0x2 ./Core/Src/main.o
                0x20000232                axle
 .bss.buttonPressed
                0x20000234        0x1 ./Core/Src/main.o
                0x20000234                buttonPressed
 .bss.receivedChar
                0x20000235        0x1 ./Core/Src/main.o
                0x20000235                receivedChar
 *fill*         0x20000236        0x2 
 .bss.uwTick    0x20000238        0x4 ./Drivers/STM32F3xx_HAL_Driver/Src/stm32f3xx_hal.o
                0x20000238                uwTick
 *(COMMON)
                0x2000023c                        . = ALIGN (0x4)
                0x2000023c                        _ebss = .
                0x2000023c                        __bss_end__ = _ebss

._user_heap_stack
                0x2000023c      0x604 load address 0x080057c8
                0x20000240                        . = ALIGN (0x8)
 *fill*         0x2000023c        0x4 
                [!provide]                        PROVIDE (end = .)
                0x20000240                        PROVIDE (_end = .)
                0x20000440                        . = (. + _Min_Heap_Size)
 *fill*         0x20000240      0x200 
                0x20000840                        . = (. + _Min_Stack_Size)
 *fill*         0x20000440      0x400 
                0x20000840                        . = ALIGN (0x8)

/DISCARD/
 libc.a(*)
 libm.a(*)
 libgcc.a(*)

.ARM.attributes
                0x00000000       0x30
 *(.ARM.attributes)
 .ARM.attributes
                0x00000000       0x22 F:/ST/STM32CubeIDE_1.14.1/STM32CubeIDE/plugins/com.st.stm32cube.ide.mcu.externaltools.gnu-tools-for-stm32.12.3.rel1.win32_1.0.100.202403111256/tools/bin/../lib/gcc/arm-none-eabi/12.3.1/thumb/v7e-m+fp/hard/crti.o
 .ARM.attributes
                0x00000022       0x34 F:/ST/STM32CubeIDE_1.14.1/STM32CubeIDE/plugins/com.st.stm32cube.ide.mcu.externaltools.gnu-tools-for-stm32.12.3.rel1.win32_1.0.100.202403111256/tools/bin/../lib/gcc/arm-none-eabi/12.3.1/thumb/v7e-m+fp/hard/crtbegin.o
 .ARM.attributes
                0x00000056       0x34 ./Core/Src/main.o
 .ARM.attributes
                0x0000008a       0x34 ./Core/Src/stm32f3xx_hal_msp.o
 .ARM.attributes
                0x000000be       0x34 ./Core/Src/stm32f3xx_it.o
 .ARM.attributes
                0x000000f2       0x34 ./Core/Src/system_stm32f3xx.o
 .ARM.attributes
                0x00000126       0x21 ./Core/Startup/startup_stm32f302r8tx.o
 .ARM.attributes
                0x00000147       0x34 ./Drivers/STM32F3xx_HAL_Driver/Src/stm32f3xx_hal.o
 .ARM.attributes
                0x0000017b       0x34 ./Drivers/STM32F3xx_HAL_Driver/Src/stm32f3xx_hal_cortex.o
 .ARM.attributes
                0x000001af       0x34 ./Drivers/STM32F3xx_HAL_Driver/Src/stm32f3xx_hal_dma.o
 .ARM.attributes
                0x000001e3       0x34 ./Drivers/STM32F3xx_HAL_Driver/Src/stm32f3xx_hal_gpio.o
 .ARM.attributes
                0x00000217       0x34 ./Drivers/STM32F3xx_HAL_Driver/Src/stm32f3xx_hal_rcc.o
 .ARM.attributes
                0x0000024b       0x34 ./Drivers/STM32F3xx_HAL_Driver/Src/stm32f3xx_hal_rcc_ex.o
 .ARM.attributes
                0x0000027f       0x34 ./Drivers/STM32F3xx_HAL_Driver/Src/stm32f3xx_hal_tim.o
 .ARM.attributes
                0x000002b3       0x34 ./Drivers/STM32F3xx_HAL_Driver/Src/stm32f3xx_hal_tim_ex.o
 .ARM.attributes
                0x000002e7       0x34 ./Drivers/STM32F3xx_HAL_Driver/Src/stm32f3xx_hal_uart.o
 .ARM.attributes
                0x0000031b       0x34 ./Drivers/STM32F3xx_HAL_Driver/Src/stm32f3xx_hal_uart_ex.o
 .ARM.attributes
                0x0000034f       0x34 F:/ST/STM32CubeIDE_1.14.1/STM32CubeIDE/plugins/com.st.stm32cube.ide.mcu.externaltools.gnu-tools-for-stm32.12.3.rel1.win32_1.0.100.202403111256/tools/bin/../lib/gcc/arm-none-eabi/12.3.1/../../../../arm-none-eabi/lib/thumb/v7e-m+fp/hard\libc_nano.a(libc_a-memset.o)
 .ARM.attributes
                0x00000383       0x34 F:/ST/STM32CubeIDE_1.14.1/STM32CubeIDE/plugins/com.st.stm32cube.ide.mcu.externaltools.gnu-tools-for-stm32.12.3.rel1.win32_1.0.100.202403111256/tools/bin/../lib/gcc/arm-none-eabi/12.3.1/../../../../arm-none-eabi/lib/thumb/v7e-m+fp/hard\libc_nano.a(libc_a-init.o)
 .ARM.attributes
                0x000003b7       0x22 F:/ST/STM32CubeIDE_1.14.1/STM32CubeIDE/plugins/com.st.stm32cube.ide.mcu.externaltools.gnu-tools-for-stm32.12.3.rel1.win32_1.0.100.202403111256/tools/bin/../lib/gcc/arm-none-eabi/12.3.1/thumb/v7e-m+fp/hard/crtn.o
OUTPUT(Robot.elf elf32-littlearm)
LOAD linker stubs
LOAD F:/ST/STM32CubeIDE_1.14.1/STM32CubeIDE/plugins/com.st.stm32cube.ide.mcu.externaltools.gnu-tools-for-stm32.12.3.rel1.win32_1.0.100.202403111256/tools/bin/../lib/gcc/arm-none-eabi/12.3.1/../../../../arm-none-eabi/lib/thumb/v7e-m+fp/hard\libc.a
LOAD F:/ST/STM32CubeIDE_1.14.1/STM32CubeIDE/plugins/com.st.stm32cube.ide.mcu.externaltools.gnu-tools-for-stm32.12.3.rel1.win32_1.0.100.202403111256/tools/bin/../lib/gcc/arm-none-eabi/12.3.1/../../../../arm-none-eabi/lib/thumb/v7e-m+fp/hard\libm.a
LOAD F:/ST/STM32CubeIDE_1.14.1/STM32CubeIDE/plugins/com.st.stm32cube.ide.mcu.externaltools.gnu-tools-for-stm32.12.3.rel1.win32_1.0.100.202403111256/tools/bin/../lib/gcc/arm-none-eabi/12.3.1/thumb/v7e-m+fp/hard\libgcc.a

.debug_info     0x00000000     0xf10b
 .debug_info    0x00000000     0x160d ./Core/Src/main.o
 .debug_info    0x0000160d     0x1021 ./Core/Src/stm32f3xx_hal_msp.o
 .debug_info    0x0000262e      0x706 ./Core/Src/stm32f3xx_it.o
 .debug_info    0x00002d34      0x407 ./Core/Src/system_stm32f3xx.o
 .debug_info    0x0000313b       0x30 ./Core/Startup/startup_stm32f302r8tx.o
 .debug_info    0x0000316b      0x774 ./Drivers/STM32F3xx_HAL_Driver/Src/stm32f3xx_hal.o
 .debug_info    0x000038df      0xab1 ./Drivers/STM32F3xx_HAL_Driver/Src/stm32f3xx_hal_cortex.o
 .debug_info    0x00004390      0x6e1 ./Drivers/STM32F3xx_HAL_Driver/Src/stm32f3xx_hal_dma.o
 .debug_info    0x00004a71      0x5fe ./Drivers/STM32F3xx_HAL_Driver/Src/stm32f3xx_hal_gpio.o
 .debug_info    0x0000506f     0x14f1 ./Drivers/STM32F3xx_HAL_Driver/Src/stm32f3xx_hal_rcc.o
 .debug_info    0x00006560      0x5b2 ./Drivers/STM32F3xx_HAL_Driver/Src/stm32f3xx_hal_rcc_ex.o
 .debug_info    0x00006b12     0x2a52 ./Drivers/STM32F3xx_HAL_Driver/Src/stm32f3xx_hal_tim.o
 .debug_info    0x00009564     0x156d ./Drivers/STM32F3xx_HAL_Driver/Src/stm32f3xx_hal_tim_ex.o
 .debug_info    0x0000aad1     0x39a8 ./Drivers/STM32F3xx_HAL_Driver/Src/stm32f3xx_hal_uart.o
 .debug_info    0x0000e479      0xc92 ./Drivers/STM32F3xx_HAL_Driver/Src/stm32f3xx_hal_uart_ex.o

.debug_abbrev   0x00000000     0x20c0
 .debug_abbrev  0x00000000      0x331 ./Core/Src/main.o
 .debug_abbrev  0x00000331      0x23b ./Core/Src/stm32f3xx_hal_msp.o
 .debug_abbrev  0x0000056c      0x175 ./Core/Src/stm32f3xx_it.o
 .debug_abbrev  0x000006e1      0x11a ./Core/Src/system_stm32f3xx.o
 .debug_abbrev  0x000007fb       0x24 ./Core/Startup/startup_stm32f302r8tx.o
 .debug_abbrev  0x0000081f      0x215 ./Drivers/STM32F3xx_HAL_Driver/Src/stm32f3xx_hal.o
 .debug_abbrev  0x00000a34      0x2f8 ./Drivers/STM32F3xx_HAL_Driver/Src/stm32f3xx_hal_cortex.o
 .debug_abbrev  0x00000d2c      0x20d ./Drivers/STM32F3xx_HAL_Driver/Src/stm32f3xx_hal_dma.o
 .debug_abbrev  0x00000f39      0x1ca ./Drivers/STM32F3xx_HAL_Driver/Src/stm32f3xx_hal_gpio.o
 .debug_abbrev  0x00001103      0x300 ./Drivers/STM32F3xx_HAL_Driver/Src/stm32f3xx_hal_rcc.o
 .debug_abbrev  0x00001403      0x232 ./Drivers/STM32F3xx_HAL_Driver/Src/stm32f3xx_hal_rcc_ex.o
 .debug_abbrev  0x00001635      0x278 ./Drivers/STM32F3xx_HAL_Driver/Src/stm32f3xx_hal_tim.o
 .debug_abbrev  0x000018ad      0x283 ./Drivers/STM32F3xx_HAL_Driver/Src/stm32f3xx_hal_tim_ex.o
 .debug_abbrev  0x00001b30      0x2d1 ./Drivers/STM32F3xx_HAL_Driver/Src/stm32f3xx_hal_uart.o
 .debug_abbrev  0x00001e01      0x2bf ./Drivers/STM32F3xx_HAL_Driver/Src/stm32f3xx_hal_uart_ex.o

.debug_aranges  0x00000000      0xd30
 .debug_aranges
                0x00000000       0xa8 ./Core/Src/main.o
 .debug_aranges
                0x000000a8       0x58 ./Core/Src/stm32f3xx_hal_msp.o
 .debug_aranges
                0x00000100       0x70 ./Core/Src/stm32f3xx_it.o
 .debug_aranges
                0x00000170       0x28 ./Core/Src/system_stm32f3xx.o
 .debug_aranges
                0x00000198       0x28 ./Core/Startup/startup_stm32f302r8tx.o
 .debug_aranges
                0x000001c0       0xe0 ./Drivers/STM32F3xx_HAL_Driver/Src/stm32f3xx_hal.o
 .debug_aranges
                0x000002a0      0x100 ./Drivers/STM32F3xx_HAL_Driver/Src/stm32f3xx_hal_cortex.o
 .debug_aranges
                0x000003a0       0x88 ./Drivers/STM32F3xx_HAL_Driver/Src/stm32f3xx_hal_dma.o
 .debug_aranges
                0x00000428       0x58 ./Drivers/STM32F3xx_HAL_Driver/Src/stm32f3xx_hal_gpio.o
 .debug_aranges
                0x00000480       0x88 ./Drivers/STM32F3xx_HAL_Driver/Src/stm32f3xx_hal_rcc.o
 .debug_aranges
                0x00000508       0x38 ./Drivers/STM32F3xx_HAL_Driver/Src/stm32f3xx_hal_rcc_ex.o
 .debug_aranges
                0x00000540      0x3e0 ./Drivers/STM32F3xx_HAL_Driver/Src/stm32f3xx_hal_tim.o
 .debug_aranges
                0x00000920      0x178 ./Drivers/STM32F3xx_HAL_Driver/Src/stm32f3xx_hal_tim_ex.o
 .debug_aranges
                0x00000a98      0x228 ./Drivers/STM32F3xx_HAL_Driver/Src/stm32f3xx_hal_uart.o
 .debug_aranges
                0x00000cc0       0x70 ./Drivers/STM32F3xx_HAL_Driver/Src/stm32f3xx_hal_uart_ex.o

.debug_rnglists
                0x00000000      0xa5e
 .debug_rnglists
                0x00000000       0x82 ./Core/Src/main.o
 .debug_rnglists
                0x00000082       0x3f ./Core/Src/stm32f3xx_hal_msp.o
 .debug_rnglists
                0x000000c1       0x4f ./Core/Src/stm32f3xx_it.o
 .debug_rnglists
                0x00000110       0x1a ./Core/Src/system_stm32f3xx.o
 .debug_rnglists
                0x0000012a       0x19 ./Core/Startup/startup_stm32f302r8tx.o
 .debug_rnglists
                0x00000143       0xa3 ./Drivers/STM32F3xx_HAL_Driver/Src/stm32f3xx_hal.o
 .debug_rnglists
                0x000001e6       0xbb ./Drivers/STM32F3xx_HAL_Driver/Src/stm32f3xx_hal_cortex.o
 .debug_rnglists
                0x000002a1       0x69 ./Drivers/STM32F3xx_HAL_Driver/Src/stm32f3xx_hal_dma.o
 .debug_rnglists
                0x0000030a       0x3f ./Drivers/STM32F3xx_HAL_Driver/Src/stm32f3xx_hal_gpio.o
 .debug_rnglists
                0x00000349       0x66 ./Drivers/STM32F3xx_HAL_Driver/Src/stm32f3xx_hal_rcc.o
 .debug_rnglists
                0x000003af       0x28 ./Drivers/STM32F3xx_HAL_Driver/Src/stm32f3xx_hal_rcc_ex.o
 .debug_rnglists
                0x000003d7      0x328 ./Drivers/STM32F3xx_HAL_Driver/Src/stm32f3xx_hal_tim.o
 .debug_rnglists
                0x000006ff      0x131 ./Drivers/STM32F3xx_HAL_Driver/Src/stm32f3xx_hal_tim_ex.o
 .debug_rnglists
                0x00000830      0x1da ./Drivers/STM32F3xx_HAL_Driver/Src/stm32f3xx_hal_uart.o
 .debug_rnglists
                0x00000a0a       0x54 ./Drivers/STM32F3xx_HAL_Driver/Src/stm32f3xx_hal_uart_ex.o

.debug_macro    0x00000000    0x1bc53
 .debug_macro   0x00000000      0x306 ./Core/Src/main.o
 .debug_macro   0x00000306      0xab4 ./Core/Src/main.o
 .debug_macro   0x00000dba      0x157 ./Core/Src/main.o
 .debug_macro   0x00000f11       0x2e ./Core/Src/main.o
 .debug_macro   0x00000f3f       0x28 ./Core/Src/main.o
 .debug_macro   0x00000f67       0x22 ./Core/Src/main.o
 .debug_macro   0x00000f89       0x8e ./Core/Src/main.o
 .debug_macro   0x00001017       0x51 ./Core/Src/main.o
 .debug_macro   0x00001068      0x103 ./Core/Src/main.o
 .debug_macro   0x0000116b       0x6a ./Core/Src/main.o
 .debug_macro   0x000011d5      0x1df ./Core/Src/main.o
 .debug_macro   0x000013b4       0x1c ./Core/Src/main.o
 .debug_macro   0x000013d0       0x22 ./Core/Src/main.o
 .debug_macro   0x000013f2       0xd9 ./Core/Src/main.o
 .debug_macro   0x000014cb      0xf07 ./Core/Src/main.o
 .debug_macro   0x000023d2    0x110e8 ./Core/Src/main.o
 .debug_macro   0x000134ba       0x6d ./Core/Src/main.o
 .debug_macro   0x00013527     0x3558 ./Core/Src/main.o
 .debug_macro   0x00016a7f      0x189 ./Core/Src/main.o
 .debug_macro   0x00016c08       0x55 ./Core/Src/main.o
 .debug_macro   0x00016c5d      0x8f8 ./Core/Src/main.o
 .debug_macro   0x00017555      0x41b ./Core/Src/main.o
 .debug_macro   0x00017970      0x1b5 ./Core/Src/main.o
 .debug_macro   0x00017b25      0x161 ./Core/Src/main.o
 .debug_macro   0x00017c86      0x1d5 ./Core/Src/main.o
 .debug_macro   0x00017e5b      0x1bc ./Core/Src/main.o
 .debug_macro   0x00018017       0x34 ./Core/Src/main.o
 .debug_macro   0x0001804b       0x3c ./Core/Src/main.o
 .debug_macro   0x00018087       0x57 ./Core/Src/main.o
 .debug_macro   0x000180de       0xc5 ./Core/Src/main.o
 .debug_macro   0x000181a3      0x19f ./Core/Src/main.o
 .debug_macro   0x00018342      0x22c ./Core/Src/main.o
 .debug_macro   0x0001856e       0x5b ./Core/Src/main.o
 .debug_macro   0x000185c9       0xa5 ./Core/Src/main.o
 .debug_macro   0x0001866e       0x81 ./Core/Src/main.o
 .debug_macro   0x000186ef       0xd3 ./Core/Src/main.o
 .debug_macro   0x000187c2      0xa59 ./Core/Src/main.o
 .debug_macro   0x0001921b       0x41 ./Core/Src/main.o
 .debug_macro   0x0001925c      0x5ba ./Core/Src/main.o
 .debug_macro   0x00019816       0x44 ./Core/Src/main.o
 .debug_macro   0x0001985a      0x1f7 ./Core/Src/main.o
 .debug_macro   0x00019a51       0xe8 ./Core/Src/main.o
 .debug_macro   0x00019b39       0x61 ./Core/Src/main.o
 .debug_macro   0x00019b9a       0x2a ./Core/Src/main.o
 .debug_macro   0x00019bc4       0x43 ./Core/Src/main.o
 .debug_macro   0x00019c07       0x34 ./Core/Src/main.o
 .debug_macro   0x00019c3b       0x16 ./Core/Src/main.o
 .debug_macro   0x00019c51       0x35 ./Core/Src/main.o
 .debug_macro   0x00019c86      0x369 ./Core/Src/main.o
 .debug_macro   0x00019fef       0x10 ./Core/Src/main.o
 .debug_macro   0x00019fff       0x16 ./Core/Src/main.o
 .debug_macro   0x0001a015       0x43 ./Core/Src/main.o
 .debug_macro   0x0001a058       0x34 ./Core/Src/main.o
 .debug_macro   0x0001a08c       0x10 ./Core/Src/main.o
 .debug_macro   0x0001a09c       0x58 ./Core/Src/main.o
 .debug_macro   0x0001a0f4       0x8e ./Core/Src/main.o
 .debug_macro   0x0001a182       0x1c ./Core/Src/main.o
 .debug_macro   0x0001a19e      0x177 ./Core/Src/main.o
 .debug_macro   0x0001a315       0x16 ./Core/Src/main.o
 .debug_macro   0x0001a32b       0x16 ./Core/Src/main.o
 .debug_macro   0x0001a341      0x146 ./Core/Src/main.o
 .debug_macro   0x0001a487       0x16 ./Core/Src/main.o
 .debug_macro   0x0001a49d       0x20 ./Core/Src/main.o
 .debug_macro   0x0001a4bd      0x1d4 ./Core/Src/stm32f3xx_hal_msp.o
 .debug_macro   0x0001a691      0x1de ./Core/Src/stm32f3xx_it.o
 .debug_macro   0x0001a86f      0x1c5 ./Core/Src/system_stm32f3xx.o
 .debug_macro   0x0001aa34      0x1e9 ./Drivers/STM32F3xx_HAL_Driver/Src/stm32f3xx_hal.o
 .debug_macro   0x0001ac1d      0x1c5 ./Drivers/STM32F3xx_HAL_Driver/Src/stm32f3xx_hal_cortex.o
 .debug_macro   0x0001ade2      0x1c5 ./Drivers/STM32F3xx_HAL_Driver/Src/stm32f3xx_hal_dma.o
 .debug_macro   0x0001afa7      0x1cc ./Drivers/STM32F3xx_HAL_Driver/Src/stm32f3xx_hal_gpio.o
 .debug_macro   0x0001b173      0x1e9 ./Drivers/STM32F3xx_HAL_Driver/Src/stm32f3xx_hal_rcc.o
 .debug_macro   0x0001b35c      0x1c5 ./Drivers/STM32F3xx_HAL_Driver/Src/stm32f3xx_hal_rcc_ex.o
 .debug_macro   0x0001b521      0x1c6 ./Drivers/STM32F3xx_HAL_Driver/Src/stm32f3xx_hal_tim.o
 .debug_macro   0x0001b6e7      0x1c5 ./Drivers/STM32F3xx_HAL_Driver/Src/stm32f3xx_hal_tim_ex.o
 .debug_macro   0x0001b8ac      0x1e2 ./Drivers/STM32F3xx_HAL_Driver/Src/stm32f3xx_hal_uart.o
 .debug_macro   0x0001ba8e      0x1c5 ./Drivers/STM32F3xx_HAL_Driver/Src/stm32f3xx_hal_uart_ex.o

.debug_line     0x00000000    0x10b47
 .debug_line    0x00000000      0xf0c ./Core/Src/main.o
 .debug_line    0x00000f0c      0x912 ./Core/Src/stm32f3xx_hal_msp.o
 .debug_line    0x0000181e      0x85d ./Core/Src/stm32f3xx_it.o
 .debug_line    0x0000207b      0x7e4 ./Core/Src/system_stm32f3xx.o
 .debug_line    0x0000285f       0x7a ./Core/Startup/startup_stm32f302r8tx.o
 .debug_line    0x000028d9      0xa1c ./Drivers/STM32F3xx_HAL_Driver/Src/stm32f3xx_hal.o
 .debug_line    0x000032f5      0xc02 ./Drivers/STM32F3xx_HAL_Driver/Src/stm32f3xx_hal_cortex.o
 .debug_line    0x00003ef7      0xd04 ./Drivers/STM32F3xx_HAL_Driver/Src/stm32f3xx_hal_dma.o
 .debug_line    0x00004bfb      0xb7f ./Drivers/STM32F3xx_HAL_Driver/Src/stm32f3xx_hal_gpio.o
 .debug_line    0x0000577a     0x13f0 ./Drivers/STM32F3xx_HAL_Driver/Src/stm32f3xx_hal_rcc.o
 .debug_line    0x00006b6a      0xc65 ./Drivers/STM32F3xx_HAL_Driver/Src/stm32f3xx_hal_rcc_ex.o
 .debug_line    0x000077cf     0x3c99 ./Drivers/STM32F3xx_HAL_Driver/Src/stm32f3xx_hal_tim.o
 .debug_line    0x0000b468     0x1a65 ./Drivers/STM32F3xx_HAL_Driver/Src/stm32f3xx_hal_tim_ex.o
 .debug_line    0x0000cecd     0x30ea ./Drivers/STM32F3xx_HAL_Driver/Src/stm32f3xx_hal_uart.o
 .debug_line    0x0000ffb7      0xb90 ./Drivers/STM32F3xx_HAL_Driver/Src/stm32f3xx_hal_uart_ex.o

.debug_str      0x00000000    0xa5fc6
 .debug_str     0x00000000    0xa320a ./Core/Src/main.o
                              0xa3587 (size before relaxing)
 .debug_str     0x000a320a      0x3a0 ./Core/Src/stm32f3xx_hal_msp.o
                              0x9fa6e (size before relaxing)
 .debug_str     0x000a35aa      0x101 ./Core/Src/stm32f3xx_it.o
                              0x9f2f5 (size before relaxing)
 .debug_str     0x000a36ab       0xe9 ./Core/Src/system_stm32f3xx.o
                              0x9ebc5 (size before relaxing)
 .debug_str     0x000a3794       0x7b ./Core/Startup/startup_stm32f302r8tx.o
 .debug_str     0x000a380f      0x36e ./Drivers/STM32F3xx_HAL_Driver/Src/stm32f3xx_hal.o
                              0x9f31f (size before relaxing)
 .debug_str     0x000a3b7d      0x236 ./Drivers/STM32F3xx_HAL_Driver/Src/stm32f3xx_hal_cortex.o
                              0x9f244 (size before relaxing)
 .debug_str     0x000a3db3      0x248 ./Drivers/STM32F3xx_HAL_Driver/Src/stm32f3xx_hal_dma.o
                              0x9ef0d (size before relaxing)
 .debug_str     0x000a3ffb      0x11a ./Drivers/STM32F3xx_HAL_Driver/Src/stm32f3xx_hal_gpio.o
                              0x9ed3b (size before relaxing)
 .debug_str     0x000a4115      0x2d1 ./Drivers/STM32F3xx_HAL_Driver/Src/stm32f3xx_hal_rcc.o
                              0x9f065 (size before relaxing)
 .debug_str     0x000a43e6       0xbe ./Drivers/STM32F3xx_HAL_Driver/Src/stm32f3xx_hal_rcc_ex.o
                              0x9ede9 (size before relaxing)
 .debug_str     0x000a44a4      0xd4a ./Drivers/STM32F3xx_HAL_Driver/Src/stm32f3xx_hal_tim.o
                              0x9ffec (size before relaxing)
 .debug_str     0x000a51ee      0x402 ./Drivers/STM32F3xx_HAL_Driver/Src/stm32f3xx_hal_tim_ex.o
                              0x9f842 (size before relaxing)
 .debug_str     0x000a55f0      0x81e ./Drivers/STM32F3xx_HAL_Driver/Src/stm32f3xx_hal_uart.o
                              0x9f8e8 (size before relaxing)
 .debug_str     0x000a5e0e      0x1b8 ./Drivers/STM32F3xx_HAL_Driver/Src/stm32f3xx_hal_uart_ex.o
                              0x9f1ed (size before relaxing)

.comment        0x00000000       0x43
 .comment       0x00000000       0x43 ./Core/Src/main.o
                                 0x44 (size before relaxing)
 .comment       0x00000043       0x44 ./Core/Src/stm32f3xx_hal_msp.o
 .comment       0x00000043       0x44 ./Core/Src/stm32f3xx_it.o
 .comment       0x00000043       0x44 ./Core/Src/system_stm32f3xx.o
 .comment       0x00000043       0x44 ./Drivers/STM32F3xx_HAL_Driver/Src/stm32f3xx_hal.o
 .comment       0x00000043       0x44 ./Drivers/STM32F3xx_HAL_Driver/Src/stm32f3xx_hal_cortex.o
 .comment       0x00000043       0x44 ./Drivers/STM32F3xx_HAL_Driver/Src/stm32f3xx_hal_dma.o
 .comment       0x00000043       0x44 ./Drivers/STM32F3xx_HAL_Driver/Src/stm32f3xx_hal_gpio.o
 .comment       0x00000043       0x44 ./Drivers/STM32F3xx_HAL_Driver/Src/stm32f3xx_hal_rcc.o
 .comment       0x00000043       0x44 ./Drivers/STM32F3xx_HAL_Driver/Src/stm32f3xx_hal_rcc_ex.o
 .comment       0x00000043       0x44 ./Drivers/STM32F3xx_HAL_Driver/Src/stm32f3xx_hal_tim.o
 .comment       0x00000043       0x44 ./Drivers/STM32F3xx_HAL_Driver/Src/stm32f3xx_hal_tim_ex.o
 .comment       0x00000043       0x44 ./Drivers/STM32F3xx_HAL_Driver/Src/stm32f3xx_hal_uart.o
 .comment       0x00000043       0x44 ./Drivers/STM32F3xx_HAL_Driver/Src/stm32f3xx_hal_uart_ex.o

.debug_frame    0x00000000     0x375c
 .debug_frame   0x00000000      0x26c ./Core/Src/main.o
 .debug_frame   0x0000026c      0x140 ./Core/Src/stm32f3xx_hal_msp.o
 .debug_frame   0x000003ac      0x13c ./Core/Src/stm32f3xx_it.o
 .debug_frame   0x000004e8       0x58 ./Core/Src/system_stm32f3xx.o
 .debug_frame   0x00000540      0x334 ./Drivers/STM32F3xx_HAL_Driver/Src/stm32f3xx_hal.o
 .debug_frame   0x00000874      0x428 ./Drivers/STM32F3xx_HAL_Driver/Src/stm32f3xx_hal_cortex.o
 .debug_frame   0x00000c9c      0x224 ./Drivers/STM32F3xx_HAL_Driver/Src/stm32f3xx_hal_dma.o
 .debug_frame   0x00000ec0      0x14c ./Drivers/STM32F3xx_HAL_Driver/Src/stm32f3xx_hal_gpio.o
 .debug_frame   0x0000100c      0x214 ./Drivers/STM32F3xx_HAL_Driver/Src/stm32f3xx_hal_rcc.o
 .debug_frame   0x00001220       0xb0 ./Drivers/STM32F3xx_HAL_Driver/Src/stm32f3xx_hal_rcc_ex.o
 .debug_frame   0x000012d0     0x121c ./Drivers/STM32F3xx_HAL_Driver/Src/stm32f3xx_hal_tim.o
 .debug_frame   0x000024ec      0x688 ./Drivers/STM32F3xx_HAL_Driver/Src/stm32f3xx_hal_tim_ex.o
 .debug_frame   0x00002b74      0x9e8 ./Drivers/STM32F3xx_HAL_Driver/Src/stm32f3xx_hal_uart.o
 .debug_frame   0x0000355c      0x1b4 ./Drivers/STM32F3xx_HAL_Driver/Src/stm32f3xx_hal_uart_ex.o
 .debug_frame   0x00003710       0x20 F:/ST/STM32CubeIDE_1.14.1/STM32CubeIDE/plugins/com.st.stm32cube.ide.mcu.externaltools.gnu-tools-for-stm32.12.3.rel1.win32_1.0.100.202403111256/tools/bin/../lib/gcc/arm-none-eabi/12.3.1/../../../../arm-none-eabi/lib/thumb/v7e-m+fp/hard\libc_nano.a(libc_a-memset.o)
 .debug_frame   0x00003730       0x2c F:/ST/STM32CubeIDE_1.14.1/STM32CubeIDE/plugins/com.st.stm32cube.ide.mcu.externaltools.gnu-tools-for-stm32.12.3.rel1.win32_1.0.100.202403111256/tools/bin/../lib/gcc/arm-none-eabi/12.3.1/../../../../arm-none-eabi/lib/thumb/v7e-m+fp/hard\libc_nano.a(libc_a-init.o)

.debug_line_str
                0x00000000       0x5f
 .debug_line_str
                0x00000000       0x5f ./Core/Startup/startup_stm32f302r8tx.o
